"unexpected boolean (true) at line 2 column 14, expecting one of: integer, end of array"