"unexpected defaults keyword (defaults) at line 5 column 33, expecting one of: end of block, identifier"