"unexpected defaults keyword (defaults) at line 6 column 33, expecting one of: end of block, identifier"