"unexpected integer (42) at line 2 column 2, expecting one of: end of block, identifier"