{
  "Alerts": {
    "test": {}
  },
  "Checks": {
    "test-check": {
      "Name": "test-check",
      "Type": "debug.random",
      "Config": {
        "Alerts": [
          "*"
        ],
        "Groups": [
          "webservices",
          "databases"
        ],
        "Interval": 30000000000,
        "Timeout": 45000000000,
        "GoodThreshold": 2,
        "FailingThreshold": 2
      },
      "Check": {
        "PercentGood": 0.5
      },
      "LastRun": "0001-01-01T00:00:00Z",
      "Scheduled": false,
      "Settled": false,
      "State": "indeterminate",
      "Suspended": false,
      "History": [
        null,
        null,
        null,
        null,
        null,
        null,
        null,
        null,
        null,
        null
      ]
    }
  },
  "Groups": {
    "databases": {
      "Name": "databases",
      "AlertLimit": 2,
      "AlertWindow": 300000000000,
      "Defaults": null
    },
    "webservices": {
      "Name": "webservices",
      "AlertLimit": 3,
      "AlertWindow": 600000000000,
      "Defaults": {
        "Alerts": null,
        "Groups": null,
        "Interval": 0,
        "Timeout": 45000000000,
        "GoodThreshold": 0,
        "FailingThreshold": 0
      }
    }
  }
}