{
  "Alerts": {
    "test": {}
  },
  "Checks": {
    "test-get": {
      "Name": "test-get",
      "Type": "http.get",
      "Config": {
        "Alerts": [
          "*"
        ],
        "Groups": [],
        "Interval": 30000000000,
        "Timeout": 20000000000,
        "GoodThreshold": 2,
        "FailingThreshold": 2
      },
      "Check": {
        "Url": "https://www.example.com/",
        "Auth": {
          "Username": "acidburn",
          "Password": "HackThePlanet"
        },
        "Content": "Example Domain",
        "ContentExpected": false,
        "CertificateValidity": 864000000000000,
        "MinStatusCode": 400,
        "MaxStatusCode": 499
      },
      "LastRun": "0001-01-01T00:00:00Z",
      "Scheduled": false,
      "Settled": false,
      "State": "indeterminate",
      "Suspended": false,
      "History": [
        null,
        null,
        null,
        null,
        null,
        null,
        null,
        null,
        null,
        null
      ]
    }
  },
  "Groups": {}
}