"error configuring check test-check: no group named 'nonexistent-group'"