"error configuring check test: no group named 'nonexistent-group'"