"error configuring check check: error decoding check settings: unknown configuration key: bazinga"