"error configuring check test: invalid check bazinga in plugin http"