"error configuring check check: no plugin found with name foo"