"error configuring check c3: no alerts match 'alert2'"