"error configuring check test: missing required argument: url"