{
  "Alerts": {
    "debug": {}
  },
  "Checks": {
    "test": {
      "Name": "test",
      "Type": "debug.random",
      "Config": {
        "Alerts": [
          "*"
        ],
        "Groups": [
          "test-group"
        ],
        "Interval": 30000000000,
        "Timeout": 20000000000,
        "GoodThreshold": 2,
        "FailingThreshold": 2
      },
      "Check": {
        "PercentGood": 0.5
      },
      "LastRun": "0001-01-01T00:00:00Z",
      "Scheduled": false,
      "Settled": false,
      "State": "indeterminate",
      "Suspended": false,
      "History": [
        null,
        null,
        null,
        null,
        null,
        null,
        null,
        null,
        null,
        null
      ]
    }
  },
  "Groups": {
    "test-group": {
      "Name": "test-group",
      "AlertLimit": 5,
      "AlertWindow": 600000000000,
      "Defaults": null
    }
  }
}